[19EC:5E6C][2026-06-15T16:45:14]i001: Burn v3.14.0.5722, Windows v10.0 (Build 26200: Service Pack 0), path: C:\Users\ff621\AppData\Local\Temp\{941E2CB7-60DF-429E-ACDC-9958D6D0FC3B}\.cr\python-3.11.9-amd64.exe
[19EC:5E6C][2026-06-15T16:45:14]i000: Initializing string variable 'ActionLikeInstalling' to value 'Installing'
[19EC:5E6C][2026-06-15T16:45:14]i000: Initializing string variable 'ActionLikeInstallation' to value 'Setup'
[19EC:5E6C][2026-06-15T16:45:14]i000: Initializing string variable 'ShortVersion' to value '3.11'
[19EC:5E6C][2026-06-15T16:45:14]i000: Initializing numeric variable 'ShortVersionNoDot' to value '311'
[19EC:5E6C][2026-06-15T16:45:14]i000: Initializing string variable 'WinVer' to value '3.11'
[19EC:5E6C][2026-06-15T16:45:14]i000: Initializing numeric variable 'WinVerNoDot' to value '311'
[19EC:5E6C][2026-06-15T16:45:14]i000: Initializing numeric variable 'InstallAllUsers' to value '0'
[19EC:5E6C][2026-06-15T16:45:14]i000: Initializing numeric variable 'InstallLauncherAllUsers' to value '-1'
[19EC:5E6C][2026-06-15T16:45:14]i000: Initializing string variable 'TargetDir' to value ''
[19EC:5E6C][2026-06-15T16:45:14]i000: Initializing string variable 'DefaultAllUsersTargetDir' to value '[ProgramFiles64Folder]Python[WinVerNoDot]'
[19EC:5E6C][2026-06-15T16:45:14]i000: Initializing string variable 'TargetPlatform' to value 'x64'
[19EC:5E6C][2026-06-15T16:45:14]i000: Initializing string variable 'DefaultJustForMeTargetDir' to value '[LocalAppDataFolder]Programs\Python\Python[WinVerNoDot]'
[19EC:5E6C][2026-06-15T16:45:14]i000: Initializing string variable 'OptionalFeaturesRegistryKey' to value 'Software\Python\PythonCore\[WinVer]\InstalledFeatures'
[19EC:5E6C][2026-06-15T16:45:14]i000: Initializing string variable 'TargetDirRegistryKey' to value 'Software\Python\PythonCore\[WinVer]\InstallPath'
[19EC:5E6C][2026-06-15T16:45:14]i000: Initializing string variable 'DefaultCustomTargetDir' to value ''
[19EC:5E6C][2026-06-15T16:45:14]i000: Initializing string variable 'InstallAllUsersState' to value 'enabled'
[19EC:5E6C][2026-06-15T16:45:14]i000: Initializing string variable 'InstallLauncherAllUsersState' to value 'enabled'
[19EC:5E6C][2026-06-15T16:45:14]i000: Initializing string variable 'CustomInstallLauncherAllUsersState' to value '[InstallLauncherAllUsersState]'
[19EC:5E6C][2026-06-15T16:45:14]i000: Initializing string variable 'TargetDirState' to value 'enabled'
[19EC:5E6C][2026-06-15T16:45:14]i000: Initializing string variable 'CustomBrowseButtonState' to value 'enabled'
[19EC:5E6C][2026-06-15T16:45:14]i000: Initializing numeric variable 'Include_core' to value '1'
[19EC:5E6C][2026-06-15T16:45:14]i000: Initializing numeric variable 'Include_exe' to value '1'
[19EC:5E6C][2026-06-15T16:45:14]i000: Initializing numeric variable 'Include_dev' to value '1'
[19EC:5E6C][2026-06-15T16:45:14]i000: Initializing numeric variable 'Include_lib' to value '1'
[19EC:5E6C][2026-06-15T16:45:14]i000: Initializing numeric variable 'Include_test' to value '1'
[19EC:5E6C][2026-06-15T16:45:14]i000: Initializing numeric variable 'Include_doc' to value '1'
[19EC:5E6C][2026-06-15T16:45:14]i000: Initializing numeric variable 'Include_tools' to value '1'
[19EC:5E6C][2026-06-15T16:45:14]i000: Initializing numeric variable 'Include_tcltk' to value '1'
[19EC:5E6C][2026-06-15T16:45:14]i000: Initializing numeric variable 'Include_pip' to value '1'
[19EC:5E6C][2026-06-15T16:45:14]i000: Initializing numeric variable 'Include_launcher' to value '-1'
[19EC:5E6C][2026-06-15T16:45:14]i000: Initializing string variable 'Include_launcherState' to value 'enabled'
[19EC:5E6C][2026-06-15T16:45:14]i000: Initializing numeric variable 'Include_symbols' to value '0'
[19EC:5E6C][2026-06-15T16:45:14]i000: Initializing numeric variable 'Include_debug' to value '0'
[19EC:5E6C][2026-06-15T16:45:14]i000: Initializing numeric variable 'LauncherOnly' to value '0'
[19EC:5E6C][2026-06-15T16:45:14]i000: Initializing numeric variable 'BlockedLauncher' to value '0'
[19EC:5E6C][2026-06-15T16:45:14]i000: Initializing numeric variable 'DetectedLauncher' to value '0'
[19EC:5E6C][2026-06-15T16:45:14]i000: Initializing numeric variable 'DetectedOldLauncher' to value '0'
[19EC:5E6C][2026-06-15T16:45:14]i000: Initializing numeric variable 'AssociateFiles' to value '-1'
[19EC:5E6C][2026-06-15T16:45:14]i000: Initializing numeric variable 'Shortcuts' to value '1'
[19EC:5E6C][2026-06-15T16:45:14]i000: Initializing numeric variable 'PrependPath' to value '0'
[19EC:5E6C][2026-06-15T16:45:14]i000: Initializing numeric variable 'AppendPath' to value '0'
[19EC:5E6C][2026-06-15T16:45:14]i000: Initializing numeric variable 'CompileAll' to value '0'
[19EC:5E6C][2026-06-15T16:45:14]i000: Initializing numeric variable 'SimpleInstall' to value '0'
[19EC:5E6C][2026-06-15T16:45:14]i000: Initializing string variable 'SimpleInstallDescription' to value ''
[19EC:5E6C][2026-06-15T16:45:14]i009: Command Line: '-burn.clean.room=D:\diabetes-project\tools\python-3.11.9-amd64.exe -burn.filehandle.attached=648 -burn.filehandle.self=608 /quiet SimpleInstall=1 InstallAllUsers=0 TargetDir=D:\diabetes-project\.python311 PrependPath=0 Include_launcher=0 Include_test=0 Include_pip=1 /log D:\diabetes-project\tools\python311-install.log'
[19EC:5E6C][2026-06-15T16:45:14]i000: Setting string variable 'WixBundleOriginalSource' to value 'D:\diabetes-project\tools\python-3.11.9-amd64.exe'
[19EC:5E6C][2026-06-15T16:45:14]i000: Setting string variable 'WixBundleOriginalSourceFolder' to value 'D:\diabetes-project\tools\'
[19EC:5E6C][2026-06-15T16:45:14]i000: Setting string variable 'WixBundleLog' to value 'D:\diabetes-project\tools\python311-install.log'
[19EC:5E6C][2026-06-15T16:45:14]i000: Setting string variable 'WixBundleManufacturer' to value 'Python Software Foundation'
[19EC:5E6C][2026-06-15T16:45:14]i000: Setting numeric variable 'CRTInstalled' to value 1
[19EC:086C][2026-06-15T16:45:14]i000: Loading state of optional features
[19EC:086C][2026-06-15T16:45:14]i000: Setting numeric variable 'Include_debug' to value 0
[19EC:086C][2026-06-15T16:45:14]i000: Setting numeric variable 'Include_symbols' to value 0
[19EC:086C][2026-06-15T16:45:14]i000: Setting numeric variable 'Include_dev' to value 1
[19EC:086C][2026-06-15T16:45:14]i000: Setting numeric variable 'Include_doc' to value 1
[19EC:086C][2026-06-15T16:45:14]i000: Setting numeric variable 'Include_exe' to value 1
[19EC:086C][2026-06-15T16:45:14]i000: Setting numeric variable 'Include_lib' to value 1
[19EC:086C][2026-06-15T16:45:14]i000: Setting numeric variable 'PrependPath' to value 1
[19EC:086C][2026-06-15T16:45:14]i000: Setting numeric variable 'AppendPath' to value 0
[19EC:086C][2026-06-15T16:45:14]i000: Setting numeric variable 'Include_pip' to value 1
[19EC:086C][2026-06-15T16:45:14]i000: Setting numeric variable 'Include_tcltk' to value 1
[19EC:086C][2026-06-15T16:45:14]i000: Setting numeric variable 'Include_test' to value 1
[19EC:086C][2026-06-15T16:45:14]i000: Setting numeric variable 'Include_tools' to value 1
[19EC:086C][2026-06-15T16:45:14]i000: Setting numeric variable 'Shortcuts' to value 1
[19EC:086C][2026-06-15T16:45:14]i000: Setting string variable 'InstallAllUsersState' to value 'disable'
[19EC:086C][2026-06-15T16:45:14]i000: Setting string variable 'TargetDir' to value 'C:\Users\ff621\AppData\Local\Programs\Python\Python311\'
[19EC:086C][2026-06-15T16:45:14]i000: Did not find D:\diabetes-project\tools\unattend.xml
[19EC:086C][2026-06-15T16:45:14]i000: Setting numeric variable 'SimpleInstall' to value 1
[19EC:086C][2026-06-15T16:45:14]i000: Setting numeric variable 'InstallAllUsers' to value 0
[19EC:086C][2026-06-15T16:45:14]i000: Setting string variable 'TargetDir' to value 'D:\diabetes-project\.python311'
[19EC:086C][2026-06-15T16:45:14]i000: Setting numeric variable 'PrependPath' to value 0
[19EC:086C][2026-06-15T16:45:14]i000: Setting numeric variable 'Include_launcher' to value 0
[19EC:086C][2026-06-15T16:45:14]i000: Setting numeric variable 'Include_test' to value 0
[19EC:086C][2026-06-15T16:45:14]i000: Setting numeric variable 'Include_pip' to value 1
[19EC:086C][2026-06-15T16:45:14]i000: Setting string variable 'ActionLikeInstalling' to value 'Updating'
[19EC:086C][2026-06-15T16:45:14]i000: Setting string variable 'ActionLikeInstallation' to value 'Modify'
[19EC:086C][2026-06-15T16:45:14]i000: Setting version variable 'WixBundleFileVersion' to value '3.11.9150.0'
[19EC:086C][2026-06-15T16:45:14]i000: Target OS is Windows 10 or later
[19EC:5E6C][2026-06-15T16:45:14]i100: Detect begin, 54 packages
[19EC:5E6C][2026-06-15T16:45:15]i103: Detected related package: {9B55B41C-B3DB-4778-B9ED-443EFF0D721A}, scope: PerMachine, version: 3.14.2150.0, language: 0 operation: Downgrade
[19EC:5E6C][2026-06-15T16:45:15]i000: Detected existing launcher install
[19EC:5E6C][2026-06-15T16:45:15]i000: Setting numeric variable 'DetectedLauncher' to value 1
[19EC:5E6C][2026-06-15T16:45:15]e000: Higher version launcher has been detected.
[19EC:5E6C][2026-06-15T16:45:15]e000: Launcher will not be installed
[19EC:5E6C][2026-06-15T16:45:15]i000: Setting numeric variable 'BlockedLauncher' to value 1
[19EC:5E6C][2026-06-15T16:45:15]i103: Detected related package: {9B55B41C-B3DB-4778-B9ED-443EFF0D721A}, scope: PerMachine, version: 3.14.2150.0, language: 0 operation: Downgrade
[19EC:5E6C][2026-06-15T16:45:15]i101: Detected package: ucrt_AllUsers, state: Absent, cached: None
[19EC:5E6C][2026-06-15T16:45:15]i101: Detected package: ucrt_JustForMe, state: Absent, cached: None
[19EC:5E6C][2026-06-15T16:45:15]i101: Detected package: core_AllUsers, state: Absent, cached: None
[19EC:5E6C][2026-06-15T16:45:15]i101: Detected package: core_AllUsers_pdb, state: Absent, cached: None
[19EC:5E6C][2026-06-15T16:45:15]i101: Detected package: core_AllUsers_d, state: Absent, cached: None
[19EC:5E6C][2026-06-15T16:45:15]i101: Detected package: core_JustForMe, state: Present, cached: Complete
[19EC:5E6C][2026-06-15T16:45:15]i101: Detected package: core_JustForMe_pdb, state: Absent, cached: None
[19EC:5E6C][2026-06-15T16:45:15]i101: Detected package: core_JustForMe_d, state: Absent, cached: None
[19EC:5E6C][2026-06-15T16:45:15]i101: Detected package: exe_AllUsers, state: Absent, cached: None
[19EC:5E6C][2026-06-15T16:45:15]i104: Detected package: exe_AllUsers, feature: DefaultFeature, state: Absent
[19EC:5E6C][2026-06-15T16:45:15]i104: Detected package: exe_AllUsers, feature: Shortcuts, state: Absent
[19EC:5E6C][2026-06-15T16:45:15]i101: Detected package: exe_AllUsers_pdb, state: Absent, cached: None
[19EC:5E6C][2026-06-15T16:45:15]i101: Detected package: exe_AllUsers_d, state: Absent, cached: None
[19EC:5E6C][2026-06-15T16:45:15]i101: Detected package: exe_JustForMe, state: Present, cached: Complete
[19EC:5E6C][2026-06-15T16:45:15]i104: Detected package: exe_JustForMe, feature: DefaultFeature, state: Local
[19EC:5E6C][2026-06-15T16:45:15]i104: Detected package: exe_JustForMe, feature: Shortcuts, state: Local
[19EC:5E6C][2026-06-15T16:45:15]i101: Detected package: exe_JustForMe_pdb, state: Absent, cached: None
[19EC:5E6C][2026-06-15T16:45:15]i101: Detected package: exe_JustForMe_d, state: Absent, cached: None
[19EC:5E6C][2026-06-15T16:45:15]i101: Detected package: dev_AllUsers, state: Absent, cached: None
[19EC:5E6C][2026-06-15T16:45:15]i101: Detected package: dev_AllUsers_d, state: Absent, cached: None
[19EC:5E6C][2026-06-15T16:45:15]i101: Detected package: dev_JustForMe, state: Present, cached: Complete
[19EC:5E6C][2026-06-15T16:45:15]i101: Detected package: dev_JustForMe_d, state: Absent, cached: None
[19EC:5E6C][2026-06-15T16:45:15]i101: Detected package: lib_AllUsers, state: Absent, cached: None
[19EC:5E6C][2026-06-15T16:45:15]i101: Detected package: lib_AllUsers_pdb, state: Absent, cached: None
[19EC:5E6C][2026-06-15T16:45:15]i101: Detected package: lib_AllUsers_d, state: Absent, cached: None
[19EC:5E6C][2026-06-15T16:45:15]i101: Detected package: lib_JustForMe, state: Present, cached: Complete
[19EC:5E6C][2026-06-15T16:45:15]i101: Detected package: lib_JustForMe_pdb, state: Absent, cached: None
[19EC:5E6C][2026-06-15T16:45:15]i101: Detected package: lib_JustForMe_d, state: Absent, cached: None
[19EC:5E6C][2026-06-15T16:45:15]i101: Detected package: test_AllUsers, state: Absent, cached: None
[19EC:5E6C][2026-06-15T16:45:15]i101: Detected package: test_AllUsers_pdb, state: Absent, cached: None
[19EC:5E6C][2026-06-15T16:45:15]i101: Detected package: test_AllUsers_d, state: Absent, cached: None
[19EC:5E6C][2026-06-15T16:45:15]i101: Detected package: test_JustForMe, state: Present, cached: Complete
[19EC:5E6C][2026-06-15T16:45:15]i101: Detected package: test_JustForMe_pdb, state: Absent, cached: None
[19EC:5E6C][2026-06-15T16:45:15]i101: Detected package: test_JustForMe_d, state: Absent, cached: None
[19EC:5E6C][2026-06-15T16:45:15]i101: Detected package: doc_AllUsers, state: Absent, cached: None
[19EC:5E6C][2026-06-15T16:45:15]i104: Detected package: doc_AllUsers, feature: DefaultFeature, state: Absent
[19EC:5E6C][2026-06-15T16:45:15]i104: Detected package: doc_AllUsers, feature: Shortcuts, state: Absent
[19EC:5E6C][2026-06-15T16:45:15]i101: Detected package: doc_JustForMe, state: Present, cached: Complete
[19EC:5E6C][2026-06-15T16:45:15]i104: Detected package: doc_JustForMe, feature: DefaultFeature, state: Local
[19EC:5E6C][2026-06-15T16:45:15]i104: Detected package: doc_JustForMe, feature: Shortcuts, state: Local
[19EC:5E6C][2026-06-15T16:45:15]i101: Detected package: tools_AllUsers, state: Absent, cached: None
[19EC:5E6C][2026-06-15T16:45:15]i101: Detected package: tools_JustForMe, state: Present, cached: Complete
[19EC:5E6C][2026-06-15T16:45:15]i101: Detected package: tcltk_AllUsers, state: Absent, cached: None
[19EC:5E6C][2026-06-15T16:45:15]i104: Detected package: tcltk_AllUsers, feature: DefaultFeature, state: Absent
[19EC:5E6C][2026-06-15T16:45:15]i104: Detected package: tcltk_AllUsers, feature: AssociateFiles, state: Absent
[19EC:5E6C][2026-06-15T16:45:15]i104: Detected package: tcltk_AllUsers, feature: Shortcuts, state: Absent
[19EC:5E6C][2026-06-15T16:45:15]i101: Detected package: tcltk_AllUsers_pdb, state: Absent, cached: None
[19EC:5E6C][2026-06-15T16:45:15]i104: Detected package: tcltk_AllUsers_pdb, feature: Symbols, state: Absent
[19EC:5E6C][2026-06-15T16:45:15]i101: Detected package: tcltk_AllUsers_d, state: Absent, cached: None
[19EC:5E6C][2026-06-15T16:45:15]i104: Detected package: tcltk_AllUsers_d, feature: DebugBinaries, state: Absent
[19EC:5E6C][2026-06-15T16:45:15]i101: Detected package: tcltk_JustForMe, state: Present, cached: Complete
[19EC:5E6C][2026-06-15T16:45:15]i104: Detected package: tcltk_JustForMe, feature: DefaultFeature, state: Local
[19EC:5E6C][2026-06-15T16:45:15]i104: Detected package: tcltk_JustForMe, feature: AssociateFiles, state: Local
[19EC:5E6C][2026-06-15T16:45:15]i104: Detected package: tcltk_JustForMe, feature: Shortcuts, state: Local
[19EC:5E6C][2026-06-15T16:45:15]i101: Detected package: tcltk_JustForMe_pdb, state: Absent, cached: None
[19EC:5E6C][2026-06-15T16:45:15]i104: Detected package: tcltk_JustForMe_pdb, feature: Symbols, state: Absent
[19EC:5E6C][2026-06-15T16:45:15]i101: Detected package: tcltk_JustForMe_d, state: Absent, cached: None
[19EC:5E6C][2026-06-15T16:45:15]i104: Detected package: tcltk_JustForMe_d, feature: DebugBinaries, state: Absent
[19EC:5E6C][2026-06-15T16:45:15]i101: Detected package: launcher_AllUsers, state: Obsolete, cached: None
[19EC:5E6C][2026-06-15T16:45:15]i104: Detected package: launcher_AllUsers, feature: DefaultFeature, state: Absent
[19EC:5E6C][2026-06-15T16:45:15]i104: Detected package: launcher_AllUsers, feature: AssociateFiles, state: Absent
[19EC:5E6C][2026-06-15T16:45:15]i101: Detected package: launcher_JustForMe, state: Obsolete, cached: None
[19EC:5E6C][2026-06-15T16:45:15]i104: Detected package: launcher_JustForMe, feature: DefaultFeature, state: Absent
[19EC:5E6C][2026-06-15T16:45:15]i104: Detected package: launcher_JustForMe, feature: AssociateFiles, state: Absent
[19EC:5E6C][2026-06-15T16:45:15]i101: Detected package: pip_AllUsers, state: Absent, cached: None
[19EC:5E6C][2026-06-15T16:45:15]i101: Detected package: pip_JustForMe, state: Present, cached: Complete
[19EC:5E6C][2026-06-15T16:45:15]i101: Detected package: path_AllUsers, state: Absent, cached: None
[19EC:5E6C][2026-06-15T16:45:15]i101: Detected package: path_JustForMe, state: Present, cached: Complete
[19EC:5E6C][2026-06-15T16:45:15]i101: Detected package: appendpath_AllUsers, state: Absent, cached: None
[19EC:5E6C][2026-06-15T16:45:15]i101: Detected package: appendpath_JustForMe, state: Absent, cached: None
[19EC:5E6C][2026-06-15T16:45:15]i101: Detected package: compileall_AllUsers, state: Absent, cached: None
[19EC:5E6C][2026-06-15T16:45:15]i101: Detected package: compileallO_AllUsers, state: Absent, cached: None
[19EC:5E6C][2026-06-15T16:45:15]i101: Detected package: compileallOO_AllUsers, state: Absent, cached: None
[19EC:5E6C][2026-06-15T16:45:15]i101: Detected package: compileall_JustForMe, state: Absent, cached: None
[19EC:5E6C][2026-06-15T16:45:15]i101: Detected package: compileallO_JustForMe, state: Absent, cached: None
[19EC:5E6C][2026-06-15T16:45:15]i101: Detected package: compileallOO_JustForMe, state: Absent, cached: None
[19EC:5E6C][2026-06-15T16:45:15]i000: Setting numeric variable 'Include_launcher' to value 0
[19EC:5E6C][2026-06-15T16:45:15]i000: Setting numeric variable 'InstallLauncherAllUsers' to value 0
[19EC:5E6C][2026-06-15T16:45:15]i000: Setting string variable 'InstallLauncherAllUsersState' to value 'disable'
[19EC:5E6C][2026-06-15T16:45:15]i000: Setting string variable 'Include_launcherState' to value 'disable'
[19EC:5E6C][2026-06-15T16:45:15]i199: Detect complete, result: 0x0
[19EC:086C][2026-06-15T16:45:15]i000: Setting string variable 'ActionLikeInstalling' to value 'Updating'
[19EC:086C][2026-06-15T16:45:15]i000: Setting string variable 'ActionLikeInstallation' to value 'Modify'
[19EC:5E6C][2026-06-15T16:45:15]i200: Plan begin, 54 packages, action: Modify
[19EC:5E6C][2026-06-15T16:45:15]i052: Condition 'InstallAllUsers and not CRTInstalled and (Include_core or Include_exe or Include_pip) and not LauncherOnly' evaluates to false.
[19EC:5E6C][2026-06-15T16:45:15]i052: Condition 'InstallAllUsers and not CRTInstalled and (Include_core or Include_exe or Include_pip) and not LauncherOnly' evaluates to false.
[19EC:5E6C][2026-06-15T16:45:15]w322: Skipping cross-scope dependency registration on package: ucrt_AllUsers, bundle scope: PerUser, package scope: PerMachine
[19EC:5E6C][2026-06-15T16:45:15]i052: Condition 'not InstallAllUsers and not CRTInstalled and (Include_core or Include_exe or Include_pip) and not LauncherOnly' evaluates to false.
[19EC:5E6C][2026-06-15T16:45:15]i052: Condition 'not InstallAllUsers and not CRTInstalled and (Include_core or Include_exe or Include_pip) and not LauncherOnly' evaluates to false.
[19EC:5E6C][2026-06-15T16:45:15]i052: Condition 'InstallAllUsers and (Include_core or Include_exe or Include_launcher or Include_pip) and not LauncherOnly' evaluates to false.
[19EC:5E6C][2026-06-15T16:45:15]i052: Condition 'InstallAllUsers and (Include_core or Include_exe or Include_launcher or Include_pip) and not LauncherOnly' evaluates to false.
[19EC:5E6C][2026-06-15T16:45:15]w322: Skipping cross-scope dependency registration on package: core_AllUsers, bundle scope: PerUser, package scope: PerMachine
[19EC:5E6C][2026-06-15T16:45:15]i052: Condition 'InstallAllUsers and (Include_core or Include_exe or Include_launcher or Include_pip) and Include_symbols and not LauncherOnly' evaluates to false.
[19EC:5E6C][2026-06-15T16:45:15]i052: Condition 'InstallAllUsers and (Include_core or Include_exe or Include_launcher or Include_pip) and Include_symbols and not LauncherOnly' evaluates to false.
[19EC:5E6C][2026-06-15T16:45:15]w322: Skipping cross-scope dependency registration on package: core_AllUsers_pdb, bundle scope: PerUser, package scope: PerMachine
[19EC:5E6C][2026-06-15T16:45:15]i052: Condition 'InstallAllUsers and (Include_core or Include_exe or Include_launcher or Include_pip) and Include_debug and not LauncherOnly' evaluates to false.
[19EC:5E6C][2026-06-15T16:45:15]i052: Condition 'InstallAllUsers and (Include_core or Include_exe or Include_launcher or Include_pip) and Include_debug and not LauncherOnly' evaluates to false.
[19EC:5E6C][2026-06-15T16:45:15]w322: Skipping cross-scope dependency registration on package: core_AllUsers_d, bundle scope: PerUser, package scope: PerMachine
[19EC:5E6C][2026-06-15T16:45:15]i052: Condition 'not InstallAllUsers and (Include_core or Include_exe or Include_launcher or Include_pip) and not LauncherOnly' evaluates to true.
[19EC:5E6C][2026-06-15T16:45:15]i052: Condition 'not InstallAllUsers and (Include_core or Include_exe or Include_launcher or Include_pip) and not LauncherOnly' evaluates to true.
[19EC:5E6C][2026-06-15T16:45:15]i052: Condition 'not InstallAllUsers and (Include_core or Include_exe or Include_launcher or Include_pip) and Include_symbols and not LauncherOnly' evaluates to false.
[19EC:5E6C][2026-06-15T16:45:15]i052: Condition 'not InstallAllUsers and (Include_core or Include_exe or Include_launcher or Include_pip) and Include_symbols and not LauncherOnly' evaluates to false.
[19EC:5E6C][2026-06-15T16:45:15]i052: Condition 'not InstallAllUsers and (Include_core or Include_exe or Include_launcher or Include_pip) and Include_debug and not LauncherOnly' evaluates to false.
[19EC:5E6C][2026-06-15T16:45:15]i052: Condition 'not InstallAllUsers and (Include_core or Include_exe or Include_launcher or Include_pip) and Include_debug and not LauncherOnly' evaluates to false.
[19EC:5E6C][2026-06-15T16:45:15]i052: Condition 'InstallAllUsers and (Include_exe or Include_launcher or Include_pip) and not LauncherOnly' evaluates to false.
[19EC:5E6C][2026-06-15T16:45:15]i052: Condition 'InstallAllUsers and (Include_exe or Include_launcher or Include_pip) and not LauncherOnly' evaluates to false.
[19EC:5E6C][2026-06-15T16:45:15]i204: Plan 2 msi features for package: exe_AllUsers
[19EC:5E6C][2026-06-15T16:45:15]i203: Planned feature: DefaultFeature, state: Absent, default requested: Unknown, ba requested: Local, execute action: AddLocal, rollback action: Remove
[19EC:5E6C][2026-06-15T16:45:15]i203: Planned feature: Shortcuts, state: Absent, default requested: Unknown, ba requested: Local, execute action: AddLocal, rollback action: Remove
[19EC:5E6C][2026-06-15T16:45:15]w322: Skipping cross-scope dependency registration on package: exe_AllUsers, bundle scope: PerUser, package scope: PerMachine
[19EC:5E6C][2026-06-15T16:45:15]i052: Condition 'InstallAllUsers and (Include_exe or Include_launcher or Include_pip) and Include_symbols and not LauncherOnly' evaluates to false.
[19EC:5E6C][2026-06-15T16:45:15]i052: Condition 'InstallAllUsers and (Include_exe or Include_launcher or Include_pip) and Include_symbols and not LauncherOnly' evaluates to false.
[19EC:5E6C][2026-06-15T16:45:15]w322: Skipping cross-scope dependency registration on package: exe_AllUsers_pdb, bundle scope: PerUser, package scope: PerMachine
[19EC:5E6C][2026-06-15T16:45:15]i052: Condition 'InstallAllUsers and (Include_exe or Include_launcher or Include_pip) and Include_debug and not LauncherOnly' evaluates to false.
[19EC:5E6C][2026-06-15T16:45:15]i052: Condition 'InstallAllUsers and (Include_exe or Include_launcher or Include_pip) and Include_debug and not LauncherOnly' evaluates to false.
[19EC:5E6C][2026-06-15T16:45:15]w322: Skipping cross-scope dependency registration on package: exe_AllUsers_d, bundle scope: PerUser, package scope: PerMachine
[19EC:5E6C][2026-06-15T16:45:15]i052: Condition 'not InstallAllUsers and (Include_exe or Include_launcher or Include_pip) and not LauncherOnly' evaluates to true.
[19EC:5E6C][2026-06-15T16:45:15]i052: Condition 'not InstallAllUsers and (Include_exe or Include_launcher or Include_pip) and not LauncherOnly' evaluates to true.
[19EC:5E6C][2026-06-15T16:45:15]i204: Plan 2 msi features for package: exe_JustForMe
[19EC:5E6C][2026-06-15T16:45:15]i203: Planned feature: DefaultFeature, state: Local, default requested: Unknown, ba requested: Local, execute action: None, rollback action: None
[19EC:5E6C][2026-06-15T16:45:15]i203: Planned feature: Shortcuts, state: Local, default requested: Unknown, ba requested: Local, execute action: None, rollback action: None
[19EC:5E6C][2026-06-15T16:45:15]i052: Condition 'not InstallAllUsers and (Include_exe or Include_launcher or Include_pip) and Include_symbols and not LauncherOnly' evaluates to false.
[19EC:5E6C][2026-06-15T16:45:15]i052: Condition 'not InstallAllUsers and (Include_exe or Include_launcher or Include_pip) and Include_symbols and not LauncherOnly' evaluates to false.
[19EC:5E6C][2026-06-15T16:45:15]i052: Condition 'not InstallAllUsers and (Include_exe or Include_launcher or Include_pip) and Include_debug and not LauncherOnly' evaluates to false.
[19EC:5E6C][2026-06-15T16:45:15]i052: Condition 'not InstallAllUsers and (Include_exe or Include_launcher or Include_pip) and Include_debug and not LauncherOnly' evaluates to false.
[19EC:5E6C][2026-06-15T16:45:15]i052: Condition 'InstallAllUsers and Include_dev and not LauncherOnly' evaluates to false.
[19EC:5E6C][2026-06-15T16:45:15]i052: Condition 'InstallAllUsers and Include_dev and not LauncherOnly' evaluates to false.
[19EC:5E6C][2026-06-15T16:45:15]w322: Skipping cross-scope dependency registration on package: dev_AllUsers, bundle scope: PerUser, package scope: PerMachine
[19EC:5E6C][2026-06-15T16:45:15]i052: Condition 'InstallAllUsers and Include_dev and Include_debug and not LauncherOnly' evaluates to false.
[19EC:5E6C][2026-06-15T16:45:15]i052: Condition 'InstallAllUsers and Include_dev and Include_debug and not LauncherOnly' evaluates to false.
[19EC:5E6C][2026-06-15T16:45:15]w322: Skipping cross-scope dependency registration on package: dev_AllUsers_d, bundle scope: PerUser, package scope: PerMachine
[19EC:5E6C][2026-06-15T16:45:15]i052: Condition 'not InstallAllUsers and Include_dev and not LauncherOnly' evaluates to true.
[19EC:5E6C][2026-06-15T16:45:15]i052: Condition 'not InstallAllUsers and Include_dev and not LauncherOnly' evaluates to true.
[19EC:5E6C][2026-06-15T16:45:15]i052: Condition 'not InstallAllUsers and Include_dev and Include_debug and not LauncherOnly' evaluates to false.
[19EC:5E6C][2026-06-15T16:45:15]i052: Condition 'not InstallAllUsers and Include_dev and Include_debug and not LauncherOnly' evaluates to false.
[19EC:5E6C][2026-06-15T16:45:15]i052: Condition 'InstallAllUsers and Include_lib and not LauncherOnly' evaluates to false.
[19EC:5E6C][2026-06-15T16:45:15]i052: Condition 'InstallAllUsers and Include_lib and not LauncherOnly' evaluates to false.
[19EC:5E6C][2026-06-15T16:45:15]w322: Skipping cross-scope dependency registration on package: lib_AllUsers, bundle scope: PerUser, package scope: PerMachine
[19EC:5E6C][2026-06-15T16:45:15]i052: Condition 'InstallAllUsers and Include_lib and Include_symbols and not LauncherOnly' evaluates to false.
[19EC:5E6C][2026-06-15T16:45:15]i052: Condition 'InstallAllUsers and Include_lib and Include_symbols and not LauncherOnly' evaluates to false.
[19EC:5E6C][2026-06-15T16:45:15]w322: Skipping cross-scope dependency registration on package: lib_AllUsers_pdb, bundle scope: PerUser, package scope: PerMachine
[19EC:5E6C][2026-06-15T16:45:15]i052: Condition 'InstallAllUsers and Include_lib and Include_debug and not LauncherOnly' evaluates to false.
[19EC:5E6C][2026-06-15T16:45:15]i052: Condition 'InstallAllUsers and Include_lib and Include_debug and not LauncherOnly' evaluates to false.
[19EC:5E6C][2026-06-15T16:45:15]w322: Skipping cross-scope dependency registration on package: lib_AllUsers_d, bundle scope: PerUser, package scope: PerMachine
[19EC:5E6C][2026-06-15T16:45:15]i052: Condition 'not InstallAllUsers and Include_lib and not LauncherOnly' evaluates to true.
[19EC:5E6C][2026-06-15T16:45:15]i052: Condition 'not InstallAllUsers and Include_lib and not LauncherOnly' evaluates to true.
[19EC:5E6C][2026-06-15T16:45:15]i052: Condition 'not InstallAllUsers and Include_lib and Include_symbols and not LauncherOnly' evaluates to false.
[19EC:5E6C][2026-06-15T16:45:15]i052: Condition 'not InstallAllUsers and Include_lib and Include_symbols and not LauncherOnly' evaluates to false.
[19EC:5E6C][2026-06-15T16:45:15]i052: Condition 'not InstallAllUsers and Include_lib and Include_debug and not LauncherOnly' evaluates to false.
[19EC:5E6C][2026-06-15T16:45:15]i052: Condition 'not InstallAllUsers and Include_lib and Include_debug and not LauncherOnly' evaluates to false.
[19EC:5E6C][2026-06-15T16:45:15]i052: Condition 'InstallAllUsers and Include_test and not LauncherOnly' evaluates to false.
[19EC:5E6C][2026-06-15T16:45:15]i052: Condition 'InstallAllUsers and Include_test and not LauncherOnly' evaluates to false.
[19EC:5E6C][2026-06-15T16:45:15]w322: Skipping cross-scope dependency registration on package: test_AllUsers, bundle scope: PerUser, package scope: PerMachine
[19EC:5E6C][2026-06-15T16:45:15]i052: Condition 'InstallAllUsers and Include_test and Include_symbols and not LauncherOnly' evaluates to false.
[19EC:5E6C][2026-06-15T16:45:15]i052: Condition 'InstallAllUsers and Include_test and Include_symbols and not LauncherOnly' evaluates to false.
[19EC:5E6C][2026-06-15T16:45:15]w322: Skipping cross-scope dependency registration on package: test_AllUsers_pdb, bundle scope: PerUser, package scope: PerMachine
[19EC:5E6C][2026-06-15T16:45:15]i052: Condition 'InstallAllUsers and Include_test and Include_debug and not LauncherOnly' evaluates to false.
[19EC:5E6C][2026-06-15T16:45:15]i052: Condition 'InstallAllUsers and Include_test and Include_debug and not LauncherOnly' evaluates to false.
[19EC:5E6C][2026-06-15T16:45:15]w322: Skipping cross-scope dependency registration on package: test_AllUsers_d, bundle scope: PerUser, package scope: PerMachine
[19EC:5E6C][2026-06-15T16:45:15]i052: Condition 'not InstallAllUsers and Include_test and not LauncherOnly' evaluates to false.
[19EC:5E6C][2026-06-15T16:45:15]i052: Condition 'not InstallAllUsers and Include_test and not LauncherOnly' evaluates to false.
[19EC:5E6C][2026-06-15T16:45:15]i000: Setting string variable 'WixBundleRollbackLog_test_JustForMe' to value 'D:\diabetes-project\tools\python311-install_000_test_JustForMe_rollback.log'
[19EC:5E6C][2026-06-15T16:45:15]i000: Setting string variable 'WixBundleLog_test_JustForMe' to value 'D:\diabetes-project\tools\python311-install_000_test_JustForMe.log'
[19EC:5E6C][2026-06-15T16:45:15]i052: Condition 'not InstallAllUsers and Include_test and Include_symbols and not LauncherOnly' evaluates to false.
[19EC:5E6C][2026-06-15T16:45:15]i052: Condition 'not InstallAllUsers and Include_test and Include_symbols and not LauncherOnly' evaluates to false.
[19EC:5E6C][2026-06-15T16:45:15]i052: Condition 'not InstallAllUsers and Include_test and Include_debug and not LauncherOnly' evaluates to false.
[19EC:5E6C][2026-06-15T16:45:15]i052: Condition 'not InstallAllUsers and Include_test and Include_debug and not LauncherOnly' evaluates to false.
[19EC:5E6C][2026-06-15T16:45:15]i052: Condition 'InstallAllUsers and Include_doc and not LauncherOnly' evaluates to false.
[19EC:5E6C][2026-06-15T16:45:15]i052: Condition 'InstallAllUsers and Include_doc and not LauncherOnly' evaluates to false.
[19EC:5E6C][2026-06-15T16:45:15]i204: Plan 2 msi features for package: doc_AllUsers
[19EC:5E6C][2026-06-15T16:45:15]i203: Planned feature: DefaultFeature, state: Absent, default requested: Unknown, ba requested: Local, execute action: AddLocal, rollback action: Remove
[19EC:5E6C][2026-06-15T16:45:15]i203: Planned feature: Shortcuts, state: Absent, default requested: Unknown, ba requested: Local, execute action: AddLocal, rollback action: Remove
[19EC:5E6C][2026-06-15T16:45:15]w322: Skipping cross-scope dependency registration on package: doc_AllUsers, bundle scope: PerUser, package scope: PerMachine
[19EC:5E6C][2026-06-15T16:45:15]i052: Condition 'not InstallAllUsers and Include_doc and not LauncherOnly' evaluates to true.
[19EC:5E6C][2026-06-15T16:45:15]i052: Condition 'not InstallAllUsers and Include_doc and not LauncherOnly' evaluates to true.
[19EC:5E6C][2026-06-15T16:45:15]i204: Plan 2 msi features for package: doc_JustForMe
[19EC:5E6C][2026-06-15T16:45:15]i203: Planned feature: DefaultFeature, state: Local, default requested: Unknown, ba requested: Local, execute action: None, rollback action: None
[19EC:5E6C][2026-06-15T16:45:15]i203: Planned feature: Shortcuts, state: Local, default requested: Unknown, ba requested: Local, execute action: None, rollback action: None
[19EC:5E6C][2026-06-15T16:45:15]i052: Condition 'InstallAllUsers and Include_tools and not LauncherOnly' evaluates to false.
[19EC:5E6C][2026-06-15T16:45:15]i052: Condition 'InstallAllUsers and Include_tools and not LauncherOnly' evaluates to false.
[19EC:5E6C][2026-06-15T16:45:15]w322: Skipping cross-scope dependency registration on package: tools_AllUsers, bundle scope: PerUser, package scope: PerMachine
[19EC:5E6C][2026-06-15T16:45:15]i052: Condition 'not InstallAllUsers and Include_tools and not LauncherOnly' evaluates to true.
[19EC:5E6C][2026-06-15T16:45:15]i052: Condition 'not InstallAllUsers and Include_tools and not LauncherOnly' evaluates to true.
[19EC:5E6C][2026-06-15T16:45:15]i052: Condition 'InstallAllUsers and Include_tcltk and not LauncherOnly' evaluates to false.
[19EC:5E6C][2026-06-15T16:45:15]i052: Condition 'InstallAllUsers and Include_tcltk and not LauncherOnly' evaluates to false.
[19EC:5E6C][2026-06-15T16:45:15]i204: Plan 3 msi features for package: tcltk_AllUsers
[19EC:5E6C][2026-06-15T16:45:15]i203: Planned feature: DefaultFeature, state: Absent, default requested: Unknown, ba requested: Local, execute action: AddLocal, rollback action: Remove
[19EC:5E6C][2026-06-15T16:45:15]i203: Planned feature: AssociateFiles, state: Absent, default requested: Unknown, ba requested: Local, execute action: AddLocal, rollback action: Remove
[19EC:5E6C][2026-06-15T16:45:15]i203: Planned feature: Shortcuts, state: Absent, default requested: Unknown, ba requested: Local, execute action: AddLocal, rollback action: Remove
[19EC:5E6C][2026-06-15T16:45:15]w322: Skipping cross-scope dependency registration on package: tcltk_AllUsers, bundle scope: PerUser, package scope: PerMachine
[19EC:5E6C][2026-06-15T16:45:15]i052: Condition 'InstallAllUsers and Include_tcltk and Include_symbols and not LauncherOnly' evaluates to false.
[19EC:5E6C][2026-06-15T16:45:15]i052: Condition 'InstallAllUsers and Include_tcltk and Include_symbols and not LauncherOnly' evaluates to false.
[19EC:5E6C][2026-06-15T16:45:15]i204: Plan 1 msi features for package: tcltk_AllUsers_pdb
[19EC:5E6C][2026-06-15T16:45:15]i203: Planned feature: Symbols, state: Absent, default requested: Unknown, ba requested: Local, execute action: AddLocal, rollback action: Remove
[19EC:5E6C][2026-06-15T16:45:15]w322: Skipping cross-scope dependency registration on package: tcltk_AllUsers_pdb, bundle scope: PerUser, package scope: PerMachine
[19EC:5E6C][2026-06-15T16:45:15]i052: Condition 'InstallAllUsers and Include_tcltk and Include_debug and not LauncherOnly' evaluates to false.
[19EC:5E6C][2026-06-15T16:45:15]i052: Condition 'InstallAllUsers and Include_tcltk and Include_debug and not LauncherOnly' evaluates to false.
[19EC:5E6C][2026-06-15T16:45:15]i204: Plan 1 msi features for package: tcltk_AllUsers_d
[19EC:5E6C][2026-06-15T16:45:15]i203: Planned feature: DebugBinaries, state: Absent, default requested: Unknown, ba requested: Local, execute action: AddLocal, rollback action: Remove
[19EC:5E6C][2026-06-15T16:45:15]w322: Skipping cross-scope dependency registration on package: tcltk_AllUsers_d, bundle scope: PerUser, package scope: PerMachine
[19EC:5E6C][2026-06-15T16:45:15]i052: Condition 'not InstallAllUsers and Include_tcltk and not LauncherOnly' evaluates to true.
[19EC:5E6C][2026-06-15T16:45:15]i052: Condition 'not InstallAllUsers and Include_tcltk and not LauncherOnly' evaluates to true.
[19EC:5E6C][2026-06-15T16:45:15]i204: Plan 3 msi features for package: tcltk_JustForMe
[19EC:5E6C][2026-06-15T16:45:15]i203: Planned feature: DefaultFeature, state: Local, default requested: Unknown, ba requested: Local, execute action: None, rollback action: None
[19EC:5E6C][2026-06-15T16:45:15]i203: Planned feature: AssociateFiles, state: Local, default requested: Unknown, ba requested: Local, execute action: None, rollback action: None
[19EC:5E6C][2026-06-15T16:45:15]i203: Planned feature: Shortcuts, state: Local, default requested: Unknown, ba requested: Local, execute action: None, rollback action: None
[19EC:5E6C][2026-06-15T16:45:15]i052: Condition 'not InstallAllUsers and Include_tcltk and Include_symbols and not LauncherOnly' evaluates to false.
[19EC:5E6C][2026-06-15T16:45:15]i052: Condition 'not InstallAllUsers and Include_tcltk and Include_symbols and not LauncherOnly' evaluates to false.
[19EC:5E6C][2026-06-15T16:45:15]i204: Plan 1 msi features for package: tcltk_JustForMe_pdb
[19EC:5E6C][2026-06-15T16:45:15]i203: Planned feature: Symbols, state: Absent, default requested: Unknown, ba requested: Local, execute action: AddLocal, rollback action: Remove
[19EC:5E6C][2026-06-15T16:45:15]i052: Condition 'not InstallAllUsers and Include_tcltk and Include_debug and not LauncherOnly' evaluates to false.
[19EC:5E6C][2026-06-15T16:45:15]i052: Condition 'not InstallAllUsers and Include_tcltk and Include_debug and not LauncherOnly' evaluates to false.
[19EC:5E6C][2026-06-15T16:45:15]i204: Plan 1 msi features for package: tcltk_JustForMe_d
[19EC:5E6C][2026-06-15T16:45:15]i203: Planned feature: DebugBinaries, state: Absent, default requested: Unknown, ba requested: Local, execute action: AddLocal, rollback action: Remove
[19EC:5E6C][2026-06-15T16:45:15]i052: Condition '(InstallAllUsers or InstallLauncherAllUsers) and Include_launcher and not DetectedLauncher' evaluates to false.
[19EC:5E6C][2026-06-15T16:45:15]w322: Skipping cross-scope dependency registration on package: launcher_AllUsers, bundle scope: PerUser, package scope: PerMachine
[19EC:5E6C][2026-06-15T16:45:15]i052: Condition 'not (InstallAllUsers or InstallLauncherAllUsers) and Include_launcher and not DetectedLauncher' evaluates to false.
[19EC:5E6C][2026-06-15T16:45:15]i052: Condition 'InstallAllUsers and Include_pip and not LauncherOnly' evaluates to false.
[19EC:5E6C][2026-06-15T16:45:15]i052: Condition 'InstallAllUsers and Include_pip and not LauncherOnly' evaluates to false.
[19EC:5E6C][2026-06-15T16:45:15]w322: Skipping cross-scope dependency registration on package: pip_AllUsers, bundle scope: PerUser, package scope: PerMachine
[19EC:5E6C][2026-06-15T16:45:15]i052: Condition 'not InstallAllUsers and Include_pip and not LauncherOnly' evaluates to true.
[19EC:5E6C][2026-06-15T16:45:15]i052: Condition 'not InstallAllUsers and Include_pip and not LauncherOnly' evaluates to true.
[19EC:5E6C][2026-06-15T16:45:15]i052: Condition 'InstallAllUsers and PrependPath and not LauncherOnly' evaluates to false.
[19EC:5E6C][2026-06-15T16:45:15]i052: Condition 'InstallAllUsers and PrependPath and not LauncherOnly' evaluates to false.
[19EC:5E6C][2026-06-15T16:45:15]w322: Skipping cross-scope dependency registration on package: path_AllUsers, bundle scope: PerUser, package scope: PerMachine
[19EC:5E6C][2026-06-15T16:45:15]i052: Condition 'not InstallAllUsers and PrependPath and not LauncherOnly' evaluates to false.
[19EC:5E6C][2026-06-15T16:45:15]i052: Condition 'not InstallAllUsers and PrependPath and not LauncherOnly' evaluates to false.
[19EC:5E6C][2026-06-15T16:45:15]i000: Setting string variable 'WixBundleRollbackLog_path_JustForMe' to value 'D:\diabetes-project\tools\python311-install_001_path_JustForMe_rollback.log'
[19EC:5E6C][2026-06-15T16:45:15]i000: Setting string variable 'WixBundleLog_path_JustForMe' to value 'D:\diabetes-project\tools\python311-install_001_path_JustForMe.log'
[19EC:5E6C][2026-06-15T16:45:15]i052: Condition 'InstallAllUsers and AppendPath and not LauncherOnly' evaluates to false.
[19EC:5E6C][2026-06-15T16:45:15]i052: Condition 'InstallAllUsers and AppendPath and not LauncherOnly' evaluates to false.
[19EC:5E6C][2026-06-15T16:45:15]w322: Skipping cross-scope dependency registration on package: appendpath_AllUsers, bundle scope: PerUser, package scope: PerMachine
[19EC:5E6C][2026-06-15T16:45:15]i052: Condition 'not InstallAllUsers and AppendPath and not LauncherOnly' evaluates to false.
[19EC:5E6C][2026-06-15T16:45:15]i052: Condition 'not InstallAllUsers and AppendPath and not LauncherOnly' evaluates to false.
[19EC:5E6C][2026-06-15T16:45:15]i052: Condition 'InstallAllUsers and CompileAll and not LauncherOnly' evaluates to false.
[19EC:5E6C][2026-06-15T16:45:15]i052: Condition 'InstallAllUsers and CompileAll and not LauncherOnly' evaluates to false.
[19EC:5E6C][2026-06-15T16:45:15]w321: Skipping dependency registration on package with no dependency providers: compileall_AllUsers
[19EC:5E6C][2026-06-15T16:45:15]i052: Condition 'InstallAllUsers and CompileAll and not LauncherOnly' evaluates to false.
[19EC:5E6C][2026-06-15T16:45:15]i052: Condition 'InstallAllUsers and CompileAll and not LauncherOnly' evaluates to false.
[19EC:5E6C][2026-06-15T16:45:15]w321: Skipping dependency registration on package with no dependency providers: compileallO_AllUsers
[19EC:5E6C][2026-06-15T16:45:15]i052: Condition 'InstallAllUsers and CompileAll and not LauncherOnly' evaluates to false.
[19EC:5E6C][2026-06-15T16:45:15]i052: Condition 'InstallAllUsers and CompileAll and not LauncherOnly' evaluates to false.
[19EC:5E6C][2026-06-15T16:45:15]w321: Skipping dependency registration on package with no dependency providers: compileallOO_AllUsers
[19EC:5E6C][2026-06-15T16:45:15]i052: Condition 'not InstallAllUsers and CompileAll and not LauncherOnly' evaluates to false.
[19EC:5E6C][2026-06-15T16:45:15]i052: Condition 'not InstallAllUsers and CompileAll and not LauncherOnly' evaluates to false.
[19EC:5E6C][2026-06-15T16:45:15]w321: Skipping dependency registration on package with no dependency providers: compileall_JustForMe
[19EC:5E6C][2026-06-15T16:45:15]i052: Condition 'not InstallAllUsers and CompileAll and not LauncherOnly' evaluates to false.
[19EC:5E6C][2026-06-15T16:45:15]i052: Condition 'not InstallAllUsers and CompileAll and not LauncherOnly' evaluates to false.
[19EC:5E6C][2026-06-15T16:45:15]w321: Skipping dependency registration on package with no dependency providers: compileallO_JustForMe
[19EC:5E6C][2026-06-15T16:45:15]i052: Condition 'not InstallAllUsers and CompileAll and not LauncherOnly' evaluates to false.
[19EC:5E6C][2026-06-15T16:45:15]i052: Condition 'not InstallAllUsers and CompileAll and not LauncherOnly' evaluates to false.
[19EC:5E6C][2026-06-15T16:45:15]w321: Skipping dependency registration on package with no dependency providers: compileallOO_JustForMe
[19EC:5E6C][2026-06-15T16:45:15]i201: Planned package: ucrt_AllUsers, state: Absent, default requested: Absent, ba requested: Absent, execute: None, rollback: None, cache: No, uncache: No, dependency: None
[19EC:5E6C][2026-06-15T16:45:15]i201: Planned package: ucrt_JustForMe, state: Absent, default requested: Absent, ba requested: Absent, execute: None, rollback: None, cache: No, uncache: No, dependency: None
[19EC:5E6C][2026-06-15T16:45:15]i201: Planned package: core_AllUsers, state: Absent, default requested: Absent, ba requested: Absent, execute: None, rollback: None, cache: No, uncache: No, dependency: None
[19EC:5E6C][2026-06-15T16:45:15]i201: Planned package: core_AllUsers_pdb, state: Absent, default requested: Absent, ba requested: Absent, execute: None, rollback: None, cache: No, uncache: No, dependency: None
[19EC:5E6C][2026-06-15T16:45:15]i201: Planned package: core_AllUsers_d, state: Absent, default requested: Absent, ba requested: Absent, execute: None, rollback: None, cache: No, uncache: No, dependency: None
[19EC:5E6C][2026-06-15T16:45:15]i201: Planned package: core_JustForMe, state: Present, default requested: Present, ba requested: Present, execute: None, rollback: None, cache: No, uncache: No, dependency: Register
[19EC:5E6C][2026-06-15T16:45:15]i201: Planned package: core_JustForMe_pdb, state: Absent, default requested: Absent, ba requested: Absent, execute: None, rollback: None, cache: No, uncache: No, dependency: None
[19EC:5E6C][2026-06-15T16:45:15]i201: Planned package: core_JustForMe_d, state: Absent, default requested: Absent, ba requested: Absent, execute: None, rollback: None, cache: No, uncache: No, dependency: None
[19EC:5E6C][2026-06-15T16:45:15]i201: Planned package: exe_AllUsers, state: Absent, default requested: Absent, ba requested: Absent, execute: None, rollback: None, cache: No, uncache: No, dependency: None
[19EC:5E6C][2026-06-15T16:45:15]i201: Planned package: exe_AllUsers_pdb, state: Absent, default requested: Absent, ba requested: Absent, execute: None, rollback: None, cache: No, uncache: No, dependency: None
[19EC:5E6C][2026-06-15T16:45:15]i201: Planned package: exe_AllUsers_d, state: Absent, default requested: Absent, ba requested: Absent, execute: None, rollback: None, cache: No, uncache: No, dependency: None
[19EC:5E6C][2026-06-15T16:45:15]i201: Planned package: exe_JustForMe, state: Present, default requested: Present, ba requested: Present, execute: None, rollback: None, cache: No, uncache: No, dependency: Register
[19EC:5E6C][2026-06-15T16:45:15]i201: Planned package: exe_JustForMe_pdb, state: Absent, default requested: Absent, ba requested: Absent, execute: None, rollback: None, cache: No, uncache: No, dependency: None
[19EC:5E6C][2026-06-15T16:45:15]i201: Planned package: exe_JustForMe_d, state: Absent, default requested: Absent, ba requested: Absent, execute: None, rollback: None, cache: No, uncache: No, dependency: None
[19EC:5E6C][2026-06-15T16:45:15]i201: Planned package: dev_AllUsers, state: Absent, default requested: Absent, ba requested: Absent, execute: None, rollback: None, cache: No, uncache: No, dependency: None
[19EC:5E6C][2026-06-15T16:45:15]i201: Planned package: dev_AllUsers_d, state: Absent, default requested: Absent, ba requested: Absent, execute: None, rollback: None, cache: No, uncache: No, dependency: None
[19EC:5E6C][2026-06-15T16:45:15]i201: Planned package: dev_JustForMe, state: Present, default requested: Present, ba requested: Present, execute: None, rollback: None, cache: No, uncache: No, dependency: Register
[19EC:5E6C][2026-06-15T16:45:15]i201: Planned package: dev_JustForMe_d, state: Absent, default requested: Absent, ba requested: Absent, execute: None, rollback: None, cache: No, uncache: No, dependency: None
[19EC:5E6C][2026-06-15T16:45:15]i201: Planned package: lib_AllUsers, state: Absent, default requested: Absent, ba requested: Absent, execute: None, rollback: None, cache: No, uncache: No, dependency: None
[19EC:5E6C][2026-06-15T16:45:15]i201: Planned package: lib_AllUsers_pdb, state: Absent, default requested: Absent, ba requested: Absent, execute: None, rollback: None, cache: No, uncache: No, dependency: None
[19EC:5E6C][2026-06-15T16:45:15]i201: Planned package: lib_AllUsers_d, state: Absent, default requested: Absent, ba requested: Absent, execute: None, rollback: None, cache: No, uncache: No, dependency: None
[19EC:5E6C][2026-06-15T16:45:15]i201: Planned package: lib_JustForMe, state: Present, default requested: Present, ba requested: Present, execute: None, rollback: None, cache: No, uncache: No, dependency: Register
[19EC:5E6C][2026-06-15T16:45:15]i201: Planned package: lib_JustForMe_pdb, state: Absent, default requested: Absent, ba requested: Absent, execute: None, rollback: None, cache: No, uncache: No, dependency: None
[19EC:5E6C][2026-06-15T16:45:15]i201: Planned package: lib_JustForMe_d, state: Absent, default requested: Absent, ba requested: Absent, execute: None, rollback: None, cache: No, uncache: No, dependency: None
[19EC:5E6C][2026-06-15T16:45:15]i201: Planned package: test_AllUsers, state: Absent, default requested: Absent, ba requested: Absent, execute: None, rollback: None, cache: No, uncache: No, dependency: None
[19EC:5E6C][2026-06-15T16:45:15]i201: Planned package: test_AllUsers_pdb, state: Absent, default requested: Absent, ba requested: Absent, execute: None, rollback: None, cache: No, uncache: No, dependency: None
[19EC:5E6C][2026-06-15T16:45:15]i201: Planned package: test_AllUsers_d, state: Absent, default requested: Absent, ba requested: Absent, execute: None, rollback: None, cache: No, uncache: No, dependency: None
[19EC:5E6C][2026-06-15T16:45:15]i201: Planned package: test_JustForMe, state: Present, default requested: Absent, ba requested: Absent, execute: Uninstall, rollback: Install, cache: No, uncache: Yes, dependency: Unregister
[19EC:5E6C][2026-06-15T16:45:15]i201: Planned package: test_JustForMe_pdb, state: Absent, default requested: Absent, ba requested: Absent, execute: None, rollback: None, cache: No, uncache: No, dependency: None
[19EC:5E6C][2026-06-15T16:45:15]i201: Planned package: test_JustForMe_d, state: Absent, default requested: Absent, ba requested: Absent, execute: None, rollback: None, cache: No, uncache: No, dependency: None
[19EC:5E6C][2026-06-15T16:45:15]i201: Planned package: doc_AllUsers, state: Absent, default requested: Absent, ba requested: Absent, execute: None, rollback: None, cache: No, uncache: No, dependency: None
[19EC:5E6C][2026-06-15T16:45:15]i201: Planned package: doc_JustForMe, state: Present, default requested: Present, ba requested: Present, execute: None, rollback: None, cache: No, uncache: No, dependency: Register
[19EC:5E6C][2026-06-15T16:45:15]i201: Planned package: tools_AllUsers, state: Absent, default requested: Absent, ba requested: Absent, execute: None, rollback: None, cache: No, uncache: No, dependency: None
[19EC:5E6C][2026-06-15T16:45:15]i201: Planned package: tools_JustForMe, state: Present, default requested: Present, ba requested: Present, execute: None, rollback: None, cache: No, uncache: No, dependency: Register
[19EC:5E6C][2026-06-15T16:45:15]i201: Planned package: tcltk_AllUsers, state: Absent, default requested: Absent, ba requested: Absent, execute: None, rollback: None, cache: No, uncache: No, dependency: None
[19EC:5E6C][2026-06-15T16:45:15]i201: Planned package: tcltk_AllUsers_pdb, state: Absent, default requested: Absent, ba requested: Absent, execute: None, rollback: None, cache: No, uncache: No, dependency: None
[19EC:5E6C][2026-06-15T16:45:15]i201: Planned package: tcltk_AllUsers_d, state: Absent, default requested: Absent, ba requested: Absent, execute: None, rollback: None, cache: No, uncache: No, dependency: None
[19EC:5E6C][2026-06-15T16:45:15]i201: Planned package: tcltk_JustForMe, state: Present, default requested: Present, ba requested: Present, execute: None, rollback: None, cache: No, uncache: No, dependency: Register
[19EC:5E6C][2026-06-15T16:45:15]i201: Planned package: tcltk_JustForMe_pdb, state: Absent, default requested: Absent, ba requested: Absent, execute: None, rollback: None, cache: No, uncache: No, dependency: None
[19EC:5E6C][2026-06-15T16:45:15]i201: Planned package: tcltk_JustForMe_d, state: Absent, default requested: Absent, ba requested: Absent, execute: None, rollback: None, cache: No, uncache: No, dependency: None
[19EC:5E6C][2026-06-15T16:45:15]i201: Planned package: launcher_AllUsers, state: Obsolete, default requested: None, ba requested: None, execute: None, rollback: None, cache: No, uncache: No, dependency: None
[19EC:5E6C][2026-06-15T16:45:15]i201: Planned package: launcher_JustForMe, state: Obsolete, default requested: None, ba requested: None, execute: None, rollback: None, cache: No, uncache: No, dependency: None
[19EC:5E6C][2026-06-15T16:45:15]i201: Planned package: pip_AllUsers, state: Absent, default requested: Absent, ba requested: Absent, execute: None, rollback: None, cache: No, uncache: No, dependency: None
[19EC:5E6C][2026-06-15T16:45:15]i201: Planned package: pip_JustForMe, state: Present, default requested: Present, ba requested: Present, execute: None, rollback: None, cache: No, uncache: No, dependency: Register
[19EC:5E6C][2026-06-15T16:45:15]i201: Planned package: path_AllUsers, state: Absent, default requested: Absent, ba requested: Absent, execute: None, rollback: None, cache: No, uncache: No, dependency: None
[19EC:5E6C][2026-06-15T16:45:15]i201: Planned package: path_JustForMe, state: Present, default requested: Absent, ba requested: Absent, execute: Uninstall, rollback: Install, cache: No, uncache: Yes, dependency: Unregister
[19EC:5E6C][2026-06-15T16:45:15]i201: Planned package: appendpath_AllUsers, state: Absent, default requested: Absent, ba requested: Absent, execute: None, rollback: None, cache: No, uncache: No, dependency: None
[19EC:5E6C][2026-06-15T16:45:15]i201: Planned package: appendpath_JustForMe, state: Absent, default requested: Absent, ba requested: Absent, execute: None, rollback: None, cache: No, uncache: No, dependency: None
[19EC:5E6C][2026-06-15T16:45:15]i201: Planned package: compileall_AllUsers, state: Absent, default requested: Absent, ba requested: Absent, execute: None, rollback: None, cache: No, uncache: No, dependency: None
[19EC:5E6C][2026-06-15T16:45:15]i201: Planned package: compileallO_AllUsers, state: Absent, default requested: Absent, ba requested: Absent, execute: None, rollback: None, cache: No, uncache: No, dependency: None
[19EC:5E6C][2026-06-15T16:45:15]i201: Planned package: compileallOO_AllUsers, state: Absent, default requested: Absent, ba requested: Absent, execute: None, rollback: None, cache: No, uncache: No, dependency: None
[19EC:5E6C][2026-06-15T16:45:15]i201: Planned package: compileall_JustForMe, state: Absent, default requested: Absent, ba requested: Absent, execute: None, rollback: None, cache: No, uncache: No, dependency: None
[19EC:5E6C][2026-06-15T16:45:15]i201: Planned package: compileallO_JustForMe, state: Absent, default requested: Absent, ba requested: Absent, execute: None, rollback: None, cache: No, uncache: No, dependency: None
[19EC:5E6C][2026-06-15T16:45:15]i201: Planned package: compileallOO_JustForMe, state: Absent, default requested: Absent, ba requested: Absent, execute: None, rollback: None, cache: No, uncache: No, dependency: None
[19EC:5E6C][2026-06-15T16:45:15]i299: Plan complete, result: 0x0
[19EC:5E6C][2026-06-15T16:45:15]i300: Apply begin
[19EC:5E6C][2026-06-15T16:45:15]i371: Updating session, registration key: SOFTWARE\Microsoft\Windows\CurrentVersion\Uninstall\{1da2e09b-199c-4def-9a99-93a8c1b8ddf2}, resume: Active, restart initiated: No, disable resume: No
[19EC:5E6C][2026-06-15T16:45:15]i323: Registering package dependency provider: {B074012B-9B85-4049-BA01-A58A8C4C2236}, version: 3.11.9150.0, package: core_JustForMe
[19EC:5E6C][2026-06-15T16:45:15]i325: Registering dependency: {1da2e09b-199c-4def-9a99-93a8c1b8ddf2} on package provider: {B074012B-9B85-4049-BA01-A58A8C4C2236}, package: core_JustForMe
[19EC:5E6C][2026-06-15T16:45:15]i323: Registering package dependency provider: {C038789C-DCB5-42D3-8C51-3BC9DDB26B90}, version: 3.11.9150.0, package: exe_JustForMe
[19EC:5E6C][2026-06-15T16:45:15]i325: Registering dependency: {1da2e09b-199c-4def-9a99-93a8c1b8ddf2} on package provider: {C038789C-DCB5-42D3-8C51-3BC9DDB26B90}, package: exe_JustForMe
[19EC:5E6C][2026-06-15T16:45:15]i323: Registering package dependency provider: {CEE03ABD-D5F9-4104-BFA5-520711B8D71F}, version: 3.11.9150.0, package: dev_JustForMe
[19EC:5E6C][2026-06-15T16:45:15]i325: Registering dependency: {1da2e09b-199c-4def-9a99-93a8c1b8ddf2} on package provider: {CEE03ABD-D5F9-4104-BFA5-520711B8D71F}, package: dev_JustForMe
[19EC:5E6C][2026-06-15T16:45:15]i323: Registering package dependency provider: {9AFDC691-40E5-4B15-835F-9A524AC4672C}, version: 3.11.9150.0, package: lib_JustForMe
[19EC:5E6C][2026-06-15T16:45:15]i325: Registering dependency: {1da2e09b-199c-4def-9a99-93a8c1b8ddf2} on package provider: {9AFDC691-40E5-4B15-835F-9A524AC4672C}, package: lib_JustForMe
[19EC:5E6C][2026-06-15T16:45:15]i326: Removed dependency: {1da2e09b-199c-4def-9a99-93a8c1b8ddf2} on package provider: {A9F91BE3-1B3B-4CB4-A169-19E13DD70BEA}, package test_JustForMe
[19EC:5E6C][2026-06-15T16:45:15]i329: Removed package dependency provider: {A9F91BE3-1B3B-4CB4-A169-19E13DD70BEA}, package: test_JustForMe
[19EC:5E6C][2026-06-15T16:45:15]i301: Applying execute package: test_JustForMe, action: Uninstall, path: (null), arguments: ' ARPSYSTEMCOMPONENT="1" MSIFASTINSTALL="7" TARGETDIR="D:\diabetes-project\.python311" OPTIONALFEATURESREGISTRYKEY="Software\Python\PythonCore\3.11\InstalledFeatures"'
[19EC:5E6C][2026-06-15T16:45:56]i319: Applied execute package: test_JustForMe, result: 0x0, restart: None
[19EC:5E6C][2026-06-15T16:45:56]i323: Registering package dependency provider: {425B36E9-4EA6-47B4-88C3-E798BA903188}, version: 3.11.9150.0, package: doc_JustForMe
[19EC:5E6C][2026-06-15T16:45:56]i325: Registering dependency: {1da2e09b-199c-4def-9a99-93a8c1b8ddf2} on package provider: {425B36E9-4EA6-47B4-88C3-E798BA903188}, package: doc_JustForMe
[19EC:5E6C][2026-06-15T16:45:56]i323: Registering package dependency provider: {29CEC70F-9D96-472B-B6A1-AE7578376985}, version: 3.11.9150.0, package: tools_JustForMe
[19EC:5E6C][2026-06-15T16:45:56]i325: Registering dependency: {1da2e09b-199c-4def-9a99-93a8c1b8ddf2} on package provider: {29CEC70F-9D96-472B-B6A1-AE7578376985}, package: tools_JustForMe
[19EC:5E6C][2026-06-15T16:45:56]i323: Registering package dependency provider: {57AC2A86-EC99-4E9C-9FF9-15DAA88D1FAE}, version: 3.11.9150.0, package: tcltk_JustForMe
[19EC:5E6C][2026-06-15T16:45:56]i325: Registering dependency: {1da2e09b-199c-4def-9a99-93a8c1b8ddf2} on package provider: {57AC2A86-EC99-4E9C-9FF9-15DAA88D1FAE}, package: tcltk_JustForMe
[19EC:5E6C][2026-06-15T16:45:56]i323: Registering package dependency provider: {1D653E80-09B2-40AB-9530-7DF12E632F8A}, version: 3.11.9150.0, package: pip_JustForMe
[19EC:5E6C][2026-06-15T16:45:56]i325: Registering dependency: {1da2e09b-199c-4def-9a99-93a8c1b8ddf2} on package provider: {1D653E80-09B2-40AB-9530-7DF12E632F8A}, package: pip_JustForMe
[19EC:5E6C][2026-06-15T16:45:56]i326: Removed dependency: {1da2e09b-199c-4def-9a99-93a8c1b8ddf2} on package provider: {CD925D17-C20C-441B-AAE2-4FA5B78C978F}, package path_JustForMe
[19EC:5E6C][2026-06-15T16:45:56]i329: Removed package dependency provider: {CD925D17-C20C-441B-AAE2-4FA5B78C978F}, package: path_JustForMe
[19EC:5E6C][2026-06-15T16:45:56]i301: Applying execute package: path_JustForMe, action: Uninstall, path: (null), arguments: ' ARPSYSTEMCOMPONENT="1" MSIFASTINSTALL="7" TARGETDIR="D:\diabetes-project\.python311" OPTIONALFEATURESREGISTRYKEY="Software\Python\PythonCore\3.11\InstalledFeatures"'
[19EC:5E6C][2026-06-15T16:45:58]i319: Applied execute package: path_JustForMe, result: 0x0, restart: None
[19EC:5E6C][2026-06-15T16:45:58]i351: Removing cached package: test_JustForMe, from path: C:\Users\ff621\AppData\Local\Package Cache\{A9F91BE3-1B3B-4CB4-A169-19E13DD70BEA}v3.11.9150.0\
[19EC:5E6C][2026-06-15T16:45:58]i351: Removing cached package: path_JustForMe, from path: C:\Users\ff621\AppData\Local\Package Cache\{CD925D17-C20C-441B-AAE2-4FA5B78C978F}v3.11.9150.0\
[19EC:5E6C][2026-06-15T16:45:58]i372: Session end, registration key: SOFTWARE\Microsoft\Windows\CurrentVersion\Uninstall\{1da2e09b-199c-4def-9a99-93a8c1b8ddf2}, resume: ARP, restart: None, disable resume: No
[19EC:5E6C][2026-06-15T16:45:58]i371: Updating session, registration key: SOFTWARE\Microsoft\Windows\CurrentVersion\Uninstall\{1da2e09b-199c-4def-9a99-93a8c1b8ddf2}, resume: ARP, restart initiated: No, disable resume: No
[19EC:5E6C][2026-06-15T16:45:58]i399: Apply complete, result: 0x0, restart: None, ba requested restart:  No
[19EC:5E6C][2026-06-15T16:45:58]i500: Shutting down, exit code: 0x0
[19EC:5E6C][2026-06-15T16:45:58]i410: Variable: ActionLikeInstallation = Modify
[19EC:5E6C][2026-06-15T16:45:58]i410: Variable: ActionLikeInstalling = Updating
[19EC:5E6C][2026-06-15T16:45:58]i410: Variable: AppendPath = 0
[19EC:5E6C][2026-06-15T16:45:58]i410: Variable: AssociateFiles = -1
[19EC:5E6C][2026-06-15T16:45:58]i410: Variable: BlockedLauncher = 1
[19EC:5E6C][2026-06-15T16:45:58]i410: Variable: CompileAll = 0
[19EC:5E6C][2026-06-15T16:45:58]i410: Variable: CRTInstalled = 1
[19EC:5E6C][2026-06-15T16:45:58]i410: Variable: CustomBrowseButtonState = enabled
[19EC:5E6C][2026-06-15T16:45:58]i410: Variable: CustomInstallLauncherAllUsersState = disable
[19EC:5E6C][2026-06-15T16:45:58]i410: Variable: DefaultAllUsersTargetDir = C:\Program Files\Python311
[19EC:5E6C][2026-06-15T16:45:58]i410: Variable: DefaultCustomTargetDir = 
[19EC:5E6C][2026-06-15T16:45:58]i410: Variable: DefaultJustForMeTargetDir = C:\Users\ff621\AppData\Local\Programs\Python\Python311
[19EC:5E6C][2026-06-15T16:45:58]i410: Variable: DetectedLauncher = 1
[19EC:5E6C][2026-06-15T16:45:58]i410: Variable: DetectedOldLauncher = 0
[19EC:5E6C][2026-06-15T16:45:58]i410: Variable: Include_core = 1
[19EC:5E6C][2026-06-15T16:45:58]i410: Variable: Include_debug = 0
[19EC:5E6C][2026-06-15T16:45:58]i410: Variable: Include_dev = 1
[19EC:5E6C][2026-06-15T16:45:58]i410: Variable: Include_doc = 1
[19EC:5E6C][2026-06-15T16:45:58]i410: Variable: Include_exe = 1
[19EC:5E6C][2026-06-15T16:45:58]i410: Variable: Include_launcher = 0
[19EC:5E6C][2026-06-15T16:45:58]i410: Variable: Include_launcherState = disable
[19EC:5E6C][2026-06-15T16:45:58]i410: Variable: Include_lib = 1
[19EC:5E6C][2026-06-15T16:45:58]i410: Variable: Include_pip = 1
[19EC:5E6C][2026-06-15T16:45:58]i410: Variable: Include_symbols = 0
[19EC:5E6C][2026-06-15T16:45:58]i410: Variable: Include_tcltk = 1
[19EC:5E6C][2026-06-15T16:45:58]i410: Variable: Include_test = 0
[19EC:5E6C][2026-06-15T16:45:58]i410: Variable: Include_tools = 1
[19EC:5E6C][2026-06-15T16:45:58]i410: Variable: InstallAllUsers = 0
[19EC:5E6C][2026-06-15T16:45:58]i410: Variable: InstallAllUsersState = disable
[19EC:5E6C][2026-06-15T16:45:58]i410: Variable: InstallLauncherAllUsers = 0
[19EC:5E6C][2026-06-15T16:45:58]i410: Variable: InstallLauncherAllUsersState = disable
[19EC:5E6C][2026-06-15T16:45:58]i410: Variable: LauncherOnly = 0
[19EC:5E6C][2026-06-15T16:45:58]i410: Variable: LocalAppDataFolder = C:\Users\ff621\AppData\Local\
[19EC:5E6C][2026-06-15T16:45:58]i410: Variable: OptionalFeaturesRegistryKey = Software\Python\PythonCore\3.11\InstalledFeatures
[19EC:5E6C][2026-06-15T16:45:58]i410: Variable: PrependPath = 0
[19EC:5E6C][2026-06-15T16:45:58]i410: Variable: ProgramFiles64Folder = C:\Program Files\
[19EC:5E6C][2026-06-15T16:45:58]i410: Variable: Shortcuts = 1
[19EC:5E6C][2026-06-15T16:45:58]i410: Variable: ShortVersion = 3.11
[19EC:5E6C][2026-06-15T16:45:58]i410: Variable: ShortVersionNoDot = 311
[19EC:5E6C][2026-06-15T16:45:58]i410: Variable: SimpleInstall = 1
[19EC:5E6C][2026-06-15T16:45:58]i410: Variable: SimpleInstallDescription = 
[19EC:5E6C][2026-06-15T16:45:58]i410: Variable: TargetDir = D:\diabetes-project\.python311
[19EC:5E6C][2026-06-15T16:45:58]i410: Variable: TargetDirRegistryKey = Software\Python\PythonCore\3.11\InstallPath
[19EC:5E6C][2026-06-15T16:45:58]i410: Variable: TargetDirState = enabled
[19EC:5E6C][2026-06-15T16:45:58]i410: Variable: TargetPlatform = x64
[19EC:5E6C][2026-06-15T16:45:58]i410: Variable: WinVer = 3.11
[19EC:5E6C][2026-06-15T16:45:58]i410: Variable: WinVerNoDot = 311
[19EC:5E6C][2026-06-15T16:45:58]i410: Variable: WixBundleAction = 6
[19EC:5E6C][2026-06-15T16:45:58]i410: Variable: WixBundleElevated = 0
[19EC:5E6C][2026-06-15T16:45:58]i410: Variable: WixBundleFileVersion = 3.11.9150.0
[19EC:5E6C][2026-06-15T16:45:58]i410: Variable: WixBundleInstalled = 1
[19EC:5E6C][2026-06-15T16:45:58]i410: Variable: WixBundleLog = D:\diabetes-project\tools\python311-install.log
[19EC:5E6C][2026-06-15T16:45:58]i410: Variable: WixBundleLog_path_JustForMe = D:\diabetes-project\tools\python311-install_001_path_JustForMe.log
[19EC:5E6C][2026-06-15T16:45:58]i410: Variable: WixBundleLog_test_JustForMe = D:\diabetes-project\tools\python311-install_000_test_JustForMe.log
[19EC:5E6C][2026-06-15T16:45:58]i410: Variable: WixBundleManufacturer = Python Software Foundation
[19EC:5E6C][2026-06-15T16:45:58]i410: Variable: WixBundleName = Python 3.11.9 (64-bit)
[19EC:5E6C][2026-06-15T16:45:58]i410: Variable: WixBundleOriginalSource = D:\diabetes-project\tools\python-3.11.9-amd64.exe
[19EC:5E6C][2026-06-15T16:45:58]i410: Variable: WixBundleOriginalSourceFolder = D:\diabetes-project\tools\
[19EC:5E6C][2026-06-15T16:45:58]i410: Variable: WixBundleProviderKey = CPython-3.11
[19EC:5E6C][2026-06-15T16:45:58]i410: Variable: WixBundleRollbackLog_path_JustForMe = D:\diabetes-project\tools\python311-install_001_path_JustForMe_rollback.log
[19EC:5E6C][2026-06-15T16:45:58]i410: Variable: WixBundleRollbackLog_test_JustForMe = D:\diabetes-project\tools\python311-install_000_test_JustForMe_rollback.log
[19EC:5E6C][2026-06-15T16:45:58]i410: Variable: WixBundleSourceProcessFolder = D:\diabetes-project\tools\
[19EC:5E6C][2026-06-15T16:45:58]i410: Variable: WixBundleSourceProcessPath = D:\diabetes-project\tools\python-3.11.9-amd64.exe
[19EC:5E6C][2026-06-15T16:45:58]i410: Variable: WixBundleTag = 
[19EC:5E6C][2026-06-15T16:45:58]i410: Variable: WixBundleUILevel = 2
[19EC:5E6C][2026-06-15T16:45:58]i410: Variable: WixBundleVersion = 3.11.9150.0
[19EC:5E6C][2026-06-15T16:45:58]i007: Exit code: 0x0, restarting: No
